minishell: ""$AA"": ambiguous redirect
minishell: $BB: ambiguous redirect
minishell: $CC: ambiguous redirect
minishell: : No such file or directory
minishell: : No such file or directory
minishell: 'abc: command not found
minishell: 'abc       def': command not found
minishell: 'abc: command not found
minishell: 'abc       def': command not found
minishell:    : command not found
minishell: : command not found
minishell: : command not found
minishell: : command not found
